ACLE1;DESAPRES;;;;;;;;CODESSFAMILLE;CODEFAMILLE;CODEVENTILVT;POIDS
820015;A1 Approuvé;23/03/2016 11:31:07;Partie mâle douilleattache fixe TK;;;;;;N;602;5;
820016;A1 Etude;23/03/2016 11:31:06;Partie femelle douille attache fixe TK;;;;;;N;602;5;
820017;A1 Etude;23/03/2016 11:31:05;Douille attache fixe TK;;;;;;N;602;5;
602314;A4 Approuvé;22/03/2016 09:32:05;Manchon caoutchouc;;;;;;N;602;5;54
820018;A1 Approuvé;23/03/2016 11:31:04;Kit visserie support M16 type 1;;;;;;N;602;5;2380
810001;A4 Approuvé;29/03/2016 17:10:54;Vis de réglage M27x559;;;;;;S;601;4;2.8
810537;A1 Approuvé;23/03/2016 12:31:56;Mors mobile attache fixe usiné Ø26;;;;;;N;601;4;3055
811510;A1 Etude;26/04/2013 08:36:16;Axe principal Attache  T;;;;;;S;601;4;8800
